C51 COMPILER V9.53.0.0   INTERRUPTS                                                        04/08/2019 17:02:35 PAGE 1   


C51 COMPILER V9.53.0.0, COMPILATION OF MODULE INTERRUPTS
OBJECT MODULE PLACED IN .\src\Interrupts.OBJ
COMPILER INVOKED BY: c:\SiliconLabs\SimplicityStudio\v4\developer\toolchains\keil_8051\9.53\BIN\C51.exe C:\Users\apeters
                    -.SPECSERV\Projects\EFM8-USB-MIDI\src\Interrupts.c OMF2 SMALL DEBUG OBJECTEXTEND ROM(LARGE) WARNINGLEVEL(2) FLOATFUZZY(3)
                    - OPTIMIZE(8,SPEED) DEFINE(DEBUG=1) INTVECTOR(0X0000) INTPROMOTE INCDIR(C:\Users\apeters.SPECSERV\Projects\EFM8-USB-MIDI\
                    -inc;C:\Users\apeters.SPECSERV\Projects\EFM8-USB-MIDI\inc\config;C:\Users\apeters.SPECSERV\Projects\EFM8-USB-MIDI\usb_aud
                    -io\inc;C:/SiliconLabs/SimplicityStudio/v4/developer/sdks/8051/v4.1.6//Device/shared/si8051Base;C:/SiliconLabs/Simplicity
                    -Studio/v4/developer/sdks/8051/v4.1.6//Device/EFM8UB2/inc;C:/SiliconLabs/SimplicityStudio/v4/developer/sdks/8051/v4.1.6//
                    -Lib/efm8_usbc/lib_kernel/inc;C:/SiliconLabs/SimplicityStudio/v4/developer/sdks/8051/v4.1.6//Lib/efm8_usbc/lib_usbc_pd/in
                    -c;C:/SiliconLabs/SimplicityStudio/v4/developer/sdks/8051/v4.1.6//Lib/efm8_usb/inc;C:/SiliconLabs/SimplicityStudio/v4/dev
                    -eloper/sdks/8051/v4.1.6//Lib/efm8_assert;C:/SiliconLabs/SimplicityStudio/v4/developer/sdks/8051/v4.1.6//kits/common/driv
                    -ers/efm8_joystick;C:/SiliconLabs/SimplicityStudio/v4/developer/sdks/8051/v4.1.6//kits/common/drivers/efm8_memory_lcd/inc
                    -;C:/SiliconLabs/SimplicityStudio/v4/developer/sdks/8051/v4.1.6//kits/common/drivers/efm8_memory_lcd/inc/graphics;C:/Sili
                    -conLabs/SimplicityStudio/v4/developer/sdks/8051/v4.1.6//kits/common/drivers/efm8_memory_lcd/inc/config;C:/SiliconLabs/Si
                    -mplicityStudio/v4/developer/sdks/8051/v4.1.6//kits/common/bsp;C:/SiliconLabs/SimplicityStudio/v4/developer/sdks/8051/v4.
                    -1.6//kits/EFM8UB2_SLSTK2001A/config;C:/SiliconLabs/SimplicityStudio/v4/developer/sdks/8051/v4.1.6//kits/common/drivers/e
                    -fm8_rgb_led;C:/SiliconLabs/SimplicityStudio/v4/developer/sdks/8051/v4.1.6//Device/EFM8UB2/peripheral_driver/inc) PRINT(.
                    -\src\Interrupts.lst) COND PAGEWIDTH(120) PAGELENGTH(65) OA OBJECT(.\src\Interrupts.OBJ)

line level    source

   1          //=========================================================
   2          // src/Interrupts.c: generated by Hardware Configurator
   3          //
   4          // This file will be regenerated when saving a document.
   5          // leave the sections inside the "$[...]" comment tags alone
   6          // or they will be overwritten!
   7          //=========================================================
   8          
   9          // USER INCLUDES
  10          #include <SI_EFM8UB2_Register_Enums.h>
  11          
  12          //-----------------------------------------------------------------------------
  13          // USB0_ISR
  14          //-----------------------------------------------------------------------------
  15          //
  16          // USB0 ISR Content goes here. Remember to clear flag bits:
  17          // CMINT::RSTINT (Reset Interrupt Flag)
  18          // CMINT::RSUINT (Resume Interrupt Flag)
  19          // CMINT::SOF (Start of Frame Interrupt Flag)
  20          // CMINT::SUSINT (Suspend Interrupt Flag)
  21          // IN1INT::EP0 (Endpoint 0 Interrupt Flag)
  22          // IN1INT::IN1 (IN Endpoint 1 Interrupt Flag)
  23          // IN1INT::IN2 (IN Endpoint 2 Interrupt Flag)
  24          // IN1INT::IN3 (IN Endpoint 3 Interrupt Flag)
  25          // OUT1INT::OUT1 (OUT Endpoint 1 Interrupt Flag)
  26          // OUT1INT::OUT2 (OUT Endpoint 2 Interrupt Flag)
  27          // OUT1INT::OUT3 (OUT Endpoint 3 Interrupt Flag)
  28          //
  29          //-----------------------------------------------------------------------------
  30          //SI_INTERRUPT (USB0_ISR, USB0_IRQn)
  31          //{
  32          
  33          //}
  34          
  35          //-----------------------------------------------------------------------------
  36          // TIMER2_ISR
  37          //-----------------------------------------------------------------------------
  38          //
  39          // TIMER2 ISR Content goes here. Remember to clear flag bits:
  40          // TMR2CN0::TF2H (Timer # High Byte Overflow Flag)
  41          // TMR2CN0::TF2L (Timer # Low Byte Overflow Flag)
C51 COMPILER V9.53.0.0   INTERRUPTS                                                        04/08/2019 17:02:35 PAGE 2   

  42          //
  43          //-----------------------------------------------------------------------------
  44          SI_INTERRUPT (TIMER2_ISR, TIMER2_IRQn)
  45          {
  46   1      
  47   1      }
  48          
  49          //-----------------------------------------------------------------------------
  50          // SPI0_ISR
  51          //-----------------------------------------------------------------------------
  52          //
  53          // SPI0 ISR Content goes here. Remember to clear flag bits:
  54          // SPI0CN0::MODF (Mode Fault Flag)
  55          // SPI0CN0::RXOVRN (Receive Overrun Flag)
  56          // SPI0CN0::SPIF (SPI# Interrupt Flag)
  57          // SPI0CN0::WCOL (Write Collision Flag)
  58          //
  59          //-----------------------------------------------------------------------------
  60          SI_INTERRUPT (SPI0_ISR, SPI0_IRQn)
  61          {
  62   1      
  63   1      }
  64          
  65          //-----------------------------------------------------------------------------
  66          // ADC0EOC_ISR
  67          //-----------------------------------------------------------------------------
  68          //
  69          // ADC0EOC ISR Content goes here. Remember to clear flag bits:
  70          // ADC0CN0::ADINT (Conversion Complete Interrupt Flag)
  71          //
  72          //-----------------------------------------------------------------------------
  73          SI_INTERRUPT (ADC0EOC_ISR, ADC0EOC_IRQn)
  74          {
  75   1      
  76   1      }
  77          
  78          //-----------------------------------------------------------------------------
  79          // TIMER3_ISR
  80          //-----------------------------------------------------------------------------
  81          //
  82          // TIMER3 ISR Content goes here. Remember to clear flag bits:
  83          // TMR3CN0::TF3H (Timer # High Byte Overflow Flag)
  84          // TMR3CN0::TF3L (Timer # Low Byte Overflow Flag)
  85          //
  86          //-----------------------------------------------------------------------------
  87          SI_INTERRUPT (TIMER3_ISR, TIMER3_IRQn)
  88          {
  89   1      
  90   1      }
  91          


MODULE INFORMATION:   STATIC OVERLAYABLE
   CODE SIZE        =     16    ----
   CONSTANT SIZE    =   ----    ----
   XDATA SIZE       =   ----    ----
   PDATA SIZE       =   ----    ----
   DATA SIZE        =   ----    ----
   IDATA SIZE       =   ----    ----
   BIT SIZE         =   ----    ----
   EDATA SIZE       =   ----    ----
   HDATA SIZE       =   ----    ----
   XDATA CONST SIZE =   ----    ----
C51 COMPILER V9.53.0.0   INTERRUPTS                                                        04/08/2019 17:02:35 PAGE 3   

   FAR CONST SIZE   =   ----    ----
END OF MODULE INFORMATION.


C51 COMPILATION COMPLETE.  0 WARNING(S),  0 ERROR(S)
